0 verbose cli D:\nodejs\node.exe D:\nodejs\node_modules\npm\bin\npm-cli.js
1 info using npm@11.6.2
2 info using node@v24.13.0
3 silly config load:file:D:\nodejs\node_modules\npm\npmrc
4 silly config load:file:D:\VSCODE\make-my-trip-clone-springboot\makemytour\.npmrc
5 silly config load:file:C:\Users\Windows\.npmrc
6 silly config load:file:C:\Users\Windows\AppData\Roaming\npm\etc\npmrc
7 verbose title npm run build
8 verbose argv "run" "build"
9 verbose logfile logs-max:10 dir:D:\VSCODE\make-my-trip-clone-springboot\makemytour\.npm-cache\_logs\2026-07-07T09_59_08_711Z-
10 verbose logfile D:\VSCODE\make-my-trip-clone-springboot\makemytour\.npm-cache\_logs\2026-07-07T09_59_08_711Z-debug-0.log
11 silly logfile start cleaning logs, removing 1 files
12 silly logfile done cleaning log files
13 http fetch GET 200 https://registry.npmjs.org/npm 852ms
14 verbose cwd D:\VSCODE\make-my-trip-clone-springboot\makemytour
15 verbose os Windows_NT 10.0.26200
16 verbose node v24.13.0
17 verbose npm  v11.6.2
18 notice
18 notice New [33mminor[39m version of npm available! [33m11.6.2[39m -> [34m11.18.0[39m
18 notice Changelog: [34mhttps://github.com/npm/cli/releases/tag/v11.18.0[39m
18 notice To update run: [4mnpm install -g npm@11.18.0[24m
18 notice  { force: true, Symbol(proc-log.meta): true }
19 verbose exit 1
20 verbose code 1
